/*[[Generate delta values based on gv$sys_time_model. Usage: @@NAME <options> {[<inst_id>]  [keyword]}
]]*/
{
    sql=[[
        SELECT inst_id, 
               NAME, 
               decode(CLASS,1,'User',2,'Redo',4,'Enqueue',8,'Cache',16,'OS',32,'RAC',64,'SQL',128,'DEBUG') class,
               value
        FROM   gv$sysstat
        WHERE  NAME != 'DB time'
        AND    (:V1 IS NULL AND (:snap_cmd is null or inst_id=userenv('instance')) OR :V1=INST_ID OR :V1='0')
        AND    (:V2 is null or lower(NAME) like lower('%&V2%'))
    ]],
    delta_by="value",
    group_by="inst_id,NAME,class",
    order_by="-value",
    top_by="name"
}