/*[[
  Generate delta values based on gv$system_event,gv$sys_time_model. Usage: @@NAME <options> [-e|-t] {{[<inst_id>] [keyword]}|["<commands>"]} 
  -e: only show info of gv$session_event
  -t: only show info of gv$sess_time_model
  --[[
        &filter: default={a}, e={e}, t={t}
        &sec1: total={off}, s={on}
        @ver : 12={,con_id} default={}
  --]]
]]*/
{
    sql=[[
        SELECT /*+no_expand*/ a.*
        FROM   (SELECT inst_id &ver, 'Time' class#, stat_name NAME, 1 count,VALUE * 1e-3 "ms",null "avg_ms"
                FROM   gv$sys_time_model
                WHERE  ((stat_name not like '%background%') or :V2 is not null)
                AND    :filter in('a','t')
                UNION ALL
                SELECT inst_id &ver, 'Event['||wait_class||']', event, total_waits,TIME_WAITED_MICRO * 1e-3 t,null
                FROM   gv$system_event
                where  (wait_class!='Idle' or :V2 is not null)
                AND    :filter in('a','e')) a
        WHERE  (:V1 IS NULL AND (:snap_cmd is null or inst_id=userenv('instance')) OR :V1=INST_ID OR :V1='0') 
        and    (:V2 is null or lower(name) like '%&V2%') 
        and    count>0
    ]],
    delta_by="ms,count",
    calc_rules={avg_ms='[ms]/[count]'},
    group_by="inst_id,sid,class#,name &ver",
    order_by="-ms",
    top_by="name"
}